// Vitest Snapshot v1, https://vitest.dev/guide/snapshot.html

exports[`LineChart snapshot > matches snapshot 1`] = `
<div>
  <div
    class="w-full h-48"
  >
    <div
      style="width: 400px; height: 200px;"
    >
      <div
        class="recharts-wrapper"
        style="position: relative; cursor: default;"
      />
    </div>
  </div>
</div>
`;
